// Jest Snapshot v1, https://goo.gl/fbAQLP

exports[`Header matches snapshot 1`] = `
<header>
  <nav
    className="navbar navbar-expand-sm"
  >
    <a
      className="navbar-brand"
      href="https://www.qa.com"
      rel="noopener noreferrer"
      target="_blank"
    />
    <a
      className="navbar-brand"
      href="/"
    />
    <h1>
      Todo App
    </h1>
  </nav>
</header>
`;
